  x hmr detection is not supported by swc plugin
  help: consider specifying the mode explicitly
